// Jest Snapshot v1, https://goo.gl/fbAQLP

exports[`Map component renders properly 1`] = `
<div
  id="map"
  style={
    Object {
      "height": "823px",
    }
  }
/>
`;
